******************************************************************************
                  TI ARM Linker PC v18.1.1                     
******************************************************************************
>> Linked Fri Apr 20 15:22:17 2018

OUTPUT FILE NAME:   <ProjetoEmbarcados_1Bim.out>
ENTRY POINT SYMBOL: "_c_int00_noargs"  address: 00000631


MEMORY CONFIGURATION

         name            origin    length      used     unused   attr    fill
----------------------  --------  ---------  --------  --------  ----  --------
  FLASH                 00000000   00040000  000006d4  0003f92c  R  X
  SRAM                  20000000   00008000  00000238  00007dc8  RW X


SEGMENT ALLOCATION MAP

run origin  load origin   length   init length attrs members
----------  ----------- ---------- ----------- ----- -------
00000000    00000000    000006d8   000006d8    r-x
  00000000    00000000    0000026c   0000026c    r-- .intvecs
  0000026c    0000026c    00000430   00000430    r-x .text
  000006a0    000006a0    00000038   00000038    r-- .cinit
20000000    20000000    00000238   00000000    rw-
  20000000    20000000    00000200   00000000    rw- .stack
  20000200    20000200    00000020   00000000    rw- .data
  20000220    20000220    00000018   00000000    rw- .bss


SECTION ALLOCATION MAP

 output                                  attributes/
section   page    origin      length       input sections
--------  ----  ----------  ----------   ----------------
.intvecs   0    00000000    0000026c     
                  00000000    0000026c     tm4c123gh6pm_startup_ccs.obj (.intvecs)

.text      0    0000026c    00000430     
                  0000026c    0000027c     main.obj (.text)
                  000004e8    0000009c     rtsv7M4_T_le_v4SPD16_eabi.lib : memcpy_t2.asm.obj (.text)
                  00000584    00000068                                   : copy_decompress_lzss.c.obj (.text:decompress:lzss:__TI_decompress_lzss)
                  000005ec    00000044                                   : autoinit.c.obj (.text:__TI_auto_init_nobinit_nopinit:__TI_auto_init_nobinit_nopinit)
                  00000630    00000038                                   : boot_cortex_m.c.obj (.text:_c_int00_noargs:_c_int00_noargs)
                  00000668    00000012                                   : copy_zero_init.c.obj (.text:decompress:ZI:__TI_zero_init_nomemset:__TI_zero_init_nomemset)
                  0000067a    0000000e                                   : copy_decompress_none.c.obj (.text:decompress:none:__TI_decompress_none)
                  00000688    0000000c     tm4c123gh6pm_startup_ccs.obj (.text)
                  00000694    00000004     rtsv7M4_T_le_v4SPD16_eabi.lib : pre_init.c.obj (.text:_system_pre_init)
                  00000698    00000004                                   : exit.c.obj (.text:abort:abort)

.cinit     0    000006a0    00000038     
                  000006a0    0000000e     (.cinit..data.load) [load image, compression = lzss]
                  000006ae    00000002     --HOLE-- [fill = 0]
                  000006b0    0000000c     (__TI_handler_table)
                  000006bc    00000004     --HOLE-- [fill = 0]
                  000006c0    00000008     (.cinit..bss.load) [load image, compression = zero_init]
                  000006c8    00000010     (__TI_cinit_table)

.init_array 
*          0    00000000    00000000     UNINITIALIZED

.data      0    20000200    00000020     UNINITIALIZED
                  20000200    00000020     main.obj (.data)

.bss       0    20000220    00000018     UNINITIALIZED
                  20000220    00000014     (.common:pinoPWM)
                  20000234    00000004     (.common:currentMillis)

.stack     0    20000000    00000200     UNINITIALIZED
                  20000000    00000004     rtsv7M4_T_le_v4SPD16_eabi.lib : boot_cortex_m.c.obj (.stack)
                  20000004    000001fc     --HOLE--

MODULE SUMMARY

       Module                         code   ro data   rw data
       ------                         ----   -------   -------
    .\
       main.obj                       636    0         56     
       tm4c123gh6pm_startup_ccs.obj   12     620       0      
    +--+------------------------------+------+---------+---------+
       Total:                         648    620       56     
                                                              
    C:\ti\ccsv8\tools\compiler\ti-cgt-arm_18.1.1.LTS\lib\rtsv7M4_T_le_v4SPD16_eabi.lib
       memcpy_t2.asm.obj              156    0         0      
       copy_decompress_lzss.c.obj     104    0         0      
       autoinit.c.obj                 68     0         0      
       boot_cortex_m.c.obj            56     0         0      
       copy_zero_init.c.obj           18     0         0      
       copy_decompress_none.c.obj     14     0         0      
       exit.c.obj                     4      0         0      
       pre_init.c.obj                 4      0         0      
    +--+------------------------------+------+---------+---------+
       Total:                         424    0         0      
                                                              
       Stack:                         0      0         512    
       Linker Generated:              0      50        0      
    +--+------------------------------+------+---------+---------+
       Grand Total:                   1072   670       568    


LINKER GENERATED COPY TABLES

__TI_cinit_table @ 000006c8 records: 2, size/record: 8, table size: 16
	.data: load addr=000006a0, load size=0000000e bytes, run addr=20000200, run size=00000020 bytes, compression=lzss
	.bss: load addr=000006c0, load size=00000008 bytes, run addr=20000220, run size=00000018 bytes, compression=zero_init


LINKER GENERATED HANDLER TABLE

__TI_handler_table @ 000006b0 records: 3, size/record: 4, table size: 12
	index: 0, handler: __TI_decompress_lzss
	index: 1, handler: __TI_decompress_none
	index: 2, handler: __TI_zero_init


GLOBAL SYMBOLS: SORTED ALPHABETICALLY BY Name 

address   name                          
-------   ----                          
0000026d  AtivarPort                    
00000699  C$$EXIT                       
0000029d  ConfigurarPino                
00000361  ConfigurarSysTick             
00000285  DesativarPort                 
00000339  InterrupcaoSystick            
000002f1  LerPino                       
000003a5  PWM                           
00000689  ResetISR                      
00000309  SetarPino                     
20000200  __STACK_END                   
00000200  __STACK_SIZE                  
20000200  __STACK_TOP                   
000006c8  __TI_CINIT_Base               
000006d8  __TI_CINIT_Limit              
000006b0  __TI_Handler_Table_Base       
000006bc  __TI_Handler_Table_Limit      
000005ed  __TI_auto_init_nobinit_nopinit
00000585  __TI_decompress_lzss          
0000067b  __TI_decompress_none          
ffffffff  __TI_pprof_out_hndl           
ffffffff  __TI_prof_data_size           
ffffffff  __TI_prof_data_start          
00000000  __TI_static_base__            
00000669  __TI_zero_init_nomemset       
000004e9  __aeabi_memcpy                
000004e9  __aeabi_memcpy4               
000004e9  __aeabi_memcpy8               
ffffffff  __binit__                     
ffffffff  __c_args__                    
UNDEFED   __mpu_init                    
20000000  __stack                       
00000631  _c_int00_noargs               
UNDEFED   _system_post_cinit            
00000695  _system_pre_init              
00000699  abort                         
2000021c  aux                           
ffffffff  binit                         
00000433  configurarRegistradores       
20000218  cont                          
20000234  currentMillis                 
0000037f  delay                         
00000423  dutyCicle                     
00000000  g_pfnVectors                  
000003d3  handlePWM                     
00000455  main                          
000004e9  memcpy                        
00000379  micros                        
00000371  millis                        
20000214  millisInterval                
20000220  pinoPWM                       
20000210  previousMillis                
2000020c  pwmMax                        
20000208  sysTickMicros                 
20000204  sysTickMillis                 
20000200  tempoSystick                  


GLOBAL SYMBOLS: SORTED BY Symbol Address 

address   name                          
-------   ----                          
00000000  __TI_static_base__            
00000000  g_pfnVectors                  
00000200  __STACK_SIZE                  
0000026d  AtivarPort                    
00000285  DesativarPort                 
0000029d  ConfigurarPino                
000002f1  LerPino                       
00000309  SetarPino                     
00000339  InterrupcaoSystick            
00000361  ConfigurarSysTick             
00000371  millis                        
00000379  micros                        
0000037f  delay                         
000003a5  PWM                           
000003d3  handlePWM                     
00000423  dutyCicle                     
00000433  configurarRegistradores       
00000455  main                          
000004e9  __aeabi_memcpy                
000004e9  __aeabi_memcpy4               
000004e9  __aeabi_memcpy8               
000004e9  memcpy                        
00000585  __TI_decompress_lzss          
000005ed  __TI_auto_init_nobinit_nopinit
00000631  _c_int00_noargs               
00000669  __TI_zero_init_nomemset       
0000067b  __TI_decompress_none          
00000689  ResetISR                      
00000695  _system_pre_init              
00000699  C$$EXIT                       
00000699  abort                         
000006b0  __TI_Handler_Table_Base       
000006bc  __TI_Handler_Table_Limit      
000006c8  __TI_CINIT_Base               
000006d8  __TI_CINIT_Limit              
20000000  __stack                       
20000200  __STACK_END                   
20000200  __STACK_TOP                   
20000200  tempoSystick                  
20000204  sysTickMillis                 
20000208  sysTickMicros                 
2000020c  pwmMax                        
20000210  previousMillis                
20000214  millisInterval                
20000218  cont                          
2000021c  aux                           
20000220  pinoPWM                       
20000234  currentMillis                 
ffffffff  __TI_pprof_out_hndl           
ffffffff  __TI_prof_data_size           
ffffffff  __TI_prof_data_start          
ffffffff  __binit__                     
ffffffff  __c_args__                    
ffffffff  binit                         
UNDEFED   __mpu_init                    
UNDEFED   _system_post_cinit            

[56 symbols]
