<?xml version="1.0" encoding="ISO-8859-1" ?>
<link_info>
   <banner>TI ARM Linker PC v18.1.1.LTS</banner>
   <copyright>Copyright (c) 1996-2017 Texas Instruments Incorporated</copyright>
   <link_time>0x5ada2fd9</link_time>
   <link_errors>0x0</link_errors>
   <output_file>ProjetoEmbarcados_1Bim.out</output_file>
   <entry_point>
      <name>_c_int00_noargs</name>
      <address>0x631</address>
   </entry_point>
   <input_file_list>
      <input_file id="fl-2">
         <path>.\</path>
         <kind>object</kind>
         <file>ControlePWM.obj</file>
         <name>ControlePWM.obj</name>
      </input_file>
      <input_file id="fl-3">
         <path>.\</path>
         <kind>object</kind>
         <file>main.obj</file>
         <name>main.obj</name>
      </input_file>
      <input_file id="fl-4">
         <path>.\</path>
         <kind>object</kind>
         <file>tm4c123gh6pm_startup_ccs.obj</file>
         <name>tm4c123gh6pm_startup_ccs.obj</name>
      </input_file>
      <input_file id="fl-8">
         <kind>object</kind>
         <file>&lt;internal&gt;</file>
         <name>&lt;internal&gt;</name>
      </input_file>
      <input_file id="fl-be">
         <path>C:\ti\ccsv8\tools\compiler\ti-cgt-arm_18.1.1.LTS\lib\</path>
         <kind>archive</kind>
         <file>rtsv7M4_T_le_v4SPD16_eabi.lib</file>
         <name>copy_zero_init.c.obj</name>
      </input_file>
      <input_file id="fl-bf">
         <path>C:\ti\ccsv8\tools\compiler\ti-cgt-arm_18.1.1.LTS\lib\</path>
         <kind>archive</kind>
         <file>rtsv7M4_T_le_v4SPD16_eabi.lib</file>
         <name>copy_decompress_none.c.obj</name>
      </input_file>
      <input_file id="fl-c0">
         <path>C:\ti\ccsv8\tools\compiler\ti-cgt-arm_18.1.1.LTS\lib\</path>
         <kind>archive</kind>
         <file>rtsv7M4_T_le_v4SPD16_eabi.lib</file>
         <name>copy_decompress_lzss.c.obj</name>
      </input_file>
      <input_file id="fl-c1">
         <path>C:\ti\ccsv8\tools\compiler\ti-cgt-arm_18.1.1.LTS\lib\</path>
         <kind>archive</kind>
         <file>rtsv7M4_T_le_v4SPD16_eabi.lib</file>
         <name>boot_cortex_m.c.obj</name>
      </input_file>
      <input_file id="fl-c2">
         <path>C:\ti\ccsv8\tools\compiler\ti-cgt-arm_18.1.1.LTS\lib\</path>
         <kind>archive</kind>
         <file>rtsv7M4_T_le_v4SPD16_eabi.lib</file>
         <name>exit.c.obj</name>
      </input_file>
      <input_file id="fl-c3">
         <path>C:\ti\ccsv8\tools\compiler\ti-cgt-arm_18.1.1.LTS\lib\</path>
         <kind>archive</kind>
         <file>rtsv7M4_T_le_v4SPD16_eabi.lib</file>
         <name>_lock.c.obj</name>
      </input_file>
      <input_file id="fl-c4">
         <path>C:\ti\ccsv8\tools\compiler\ti-cgt-arm_18.1.1.LTS\lib\</path>
         <kind>archive</kind>
         <file>rtsv7M4_T_le_v4SPD16_eabi.lib</file>
         <name>args_main.c.obj</name>
      </input_file>
      <input_file id="fl-c5">
         <path>C:\ti\ccsv8\tools\compiler\ti-cgt-arm_18.1.1.LTS\lib\</path>
         <kind>archive</kind>
         <file>rtsv7M4_T_le_v4SPD16_eabi.lib</file>
         <name>memcpy_t2.asm.obj</name>
      </input_file>
      <input_file id="fl-c6">
         <path>C:\ti\ccsv8\tools\compiler\ti-cgt-arm_18.1.1.LTS\lib\</path>
         <kind>archive</kind>
         <file>rtsv7M4_T_le_v4SPD16_eabi.lib</file>
         <name>memset_t2.asm.obj</name>
      </input_file>
      <input_file id="fl-c7">
         <path>C:\ti\ccsv8\tools\compiler\ti-cgt-arm_18.1.1.LTS\lib\</path>
         <kind>archive</kind>
         <file>rtsv7M4_T_le_v4SPD16_eabi.lib</file>
         <name>autoinit.c.obj</name>
      </input_file>
      <input_file id="fl-c8">
         <path>C:\ti\ccsv8\tools\compiler\ti-cgt-arm_18.1.1.LTS\lib\</path>
         <kind>archive</kind>
         <file>rtsv7M4_T_le_v4SPD16_eabi.lib</file>
         <name>pre_init.c.obj</name>
      </input_file>
      <input_file id="fl-c9">
         <path>C:\ti\ccsv8\tools\compiler\ti-cgt-arm_18.1.1.LTS\lib\</path>
         <kind>archive</kind>
         <file>rtsv7M4_T_le_v4SPD16_eabi.lib</file>
         <name>cpy_tbl.c.obj</name>
      </input_file>
   </input_file_list>
   <object_component_list>
      <object_component id="oc-f">
         <name>.intvecs</name>
         <load_address>0x0</load_address>
         <run_address>0x0</run_address>
         <size>0x26c</size>
         <input_file_ref idref="fl-4"/>
      </object_component>
      <object_component id="oc-2a">
         <name>.text</name>
         <load_address>0x26c</load_address>
         <run_address>0x26c</run_address>
         <size>0x27c</size>
         <input_file_ref idref="fl-3"/>
      </object_component>
      <object_component id="oc-3e">
         <name>.text</name>
         <load_address>0x4e8</load_address>
         <run_address>0x4e8</run_address>
         <size>0x9c</size>
         <input_file_ref idref="fl-c5"/>
      </object_component>
      <object_component id="oc-12">
         <name>.text:decompress:lzss:__TI_decompress_lzss</name>
         <load_address>0x584</load_address>
         <run_address>0x584</run_address>
         <size>0x68</size>
         <input_file_ref idref="fl-c0"/>
      </object_component>
      <object_component id="oc-dc">
         <name>.text:__TI_auto_init_nobinit_nopinit:__TI_auto_init_nobinit_nopinit</name>
         <load_address>0x5ec</load_address>
         <run_address>0x5ec</run_address>
         <size>0x44</size>
         <input_file_ref idref="fl-c7"/>
      </object_component>
      <object_component id="oc-5c">
         <name>.text:_c_int00_noargs:_c_int00_noargs</name>
         <load_address>0x630</load_address>
         <run_address>0x630</run_address>
         <size>0x38</size>
         <input_file_ref idref="fl-c1"/>
      </object_component>
      <object_component id="oc-4a">
         <name>.text:decompress:ZI:__TI_zero_init_nomemset:__TI_zero_init_nomemset</name>
         <load_address>0x668</load_address>
         <run_address>0x668</run_address>
         <size>0x12</size>
         <input_file_ref idref="fl-be"/>
      </object_component>
      <object_component id="oc-18">
         <name>.text:decompress:none:__TI_decompress_none</name>
         <load_address>0x67a</load_address>
         <run_address>0x67a</run_address>
         <size>0xe</size>
         <input_file_ref idref="fl-bf"/>
      </object_component>
      <object_component id="oc-24">
         <name>.text</name>
         <load_address>0x688</load_address>
         <run_address>0x688</run_address>
         <size>0xc</size>
         <input_file_ref idref="fl-4"/>
      </object_component>
      <object_component id="oc-a0">
         <name>.text:_system_pre_init</name>
         <load_address>0x694</load_address>
         <run_address>0x694</run_address>
         <size>0x4</size>
         <input_file_ref idref="fl-c8"/>
      </object_component>
      <object_component id="oc-d0">
         <name>.text:abort:abort</name>
         <load_address>0x698</load_address>
         <run_address>0x698</run_address>
         <size>0x4</size>
         <input_file_ref idref="fl-c2"/>
      </object_component>
      <object_component id="oc-187">
         <name>.cinit..data.load</name>
         <load_address>0x6a0</load_address>
         <run_address>0x6a0</run_address>
         <size>0xe</size>
      </object_component>
      <object_component id="oc-185">
         <name>__TI_handler_table</name>
         <load_address>0x6b0</load_address>
         <run_address>0x6b0</run_address>
         <size>0xc</size>
      </object_component>
      <object_component id="oc-188">
         <name>.cinit..bss.load</name>
         <load_address>0x6c0</load_address>
         <run_address>0x6c0</run_address>
         <size>0x8</size>
      </object_component>
      <object_component id="oc-186">
         <name>__TI_cinit_table</name>
         <load_address>0x6c8</load_address>
         <run_address>0x6c8</run_address>
         <size>0x10</size>
      </object_component>
      <object_component id="oc-71">
         <name>.data</name>
         <load_address>0x20000200</load_address>
         <run_address>0x20000200</run_address>
         <size>0x20</size>
         <input_file_ref idref="fl-3"/>
      </object_component>
      <object_component id="oc-74">
         <name>.common:pinoPWM</name>
         <uninitialized>true</uninitialized>
         <run_address>0x20000220</run_address>
         <size>0x14</size>
      </object_component>
      <object_component id="oc-77">
         <name>.common:currentMillis</name>
         <uninitialized>true</uninitialized>
         <run_address>0x20000234</run_address>
         <size>0x4</size>
      </object_component>
      <object_component id="oc-21">
         <name>.stack</name>
         <uninitialized>true</uninitialized>
         <run_address>0x20000000</run_address>
         <size>0x4</size>
         <input_file_ref idref="fl-c1"/>
      </object_component>
      <object_component id="oc-189">
         <name>.stack</name>
         <uninitialized>true</uninitialized>
         <run_address>0x20000000</run_address>
         <size>0x0</size>
      </object_component>
      <object_component id="oc-75">
         <name>.debug_info</name>
         <load_address>0x0</load_address>
         <run_address>0x0</run_address>
         <size>0x2d8</size>
         <input_file_ref idref="fl-3"/>
      </object_component>
      <object_component id="oc-72">
         <name>.debug_info</name>
         <load_address>0x2d8</load_address>
         <run_address>0x2d8</run_address>
         <size>0x1db</size>
         <input_file_ref idref="fl-3"/>
      </object_component>
      <object_component id="oc-2b">
         <name>.debug_info</name>
         <load_address>0x4b3</load_address>
         <run_address>0x4b3</run_address>
         <size>0xe10</size>
         <input_file_ref idref="fl-3"/>
      </object_component>
      <object_component id="oc-80">
         <name>.debug_info</name>
         <load_address>0x12c3</load_address>
         <run_address>0x12c3</run_address>
         <size>0x26b</size>
         <input_file_ref idref="fl-3"/>
      </object_component>
      <object_component id="oc-39">
         <name>.debug_info</name>
         <load_address>0x152e</load_address>
         <run_address>0x152e</run_address>
         <size>0x84</size>
         <input_file_ref idref="fl-3"/>
      </object_component>
      <object_component id="oc-bb">
         <name>.debug_info</name>
         <load_address>0x15b2</load_address>
         <run_address>0x15b2</run_address>
         <size>0x297</size>
         <input_file_ref idref="fl-3"/>
      </object_component>
      <object_component id="oc-79">
         <name>.debug_info</name>
         <load_address>0x1849</load_address>
         <run_address>0x1849</run_address>
         <size>0xbb</size>
         <input_file_ref idref="fl-3"/>
      </object_component>
      <object_component id="oc-b6">
         <name>.debug_info</name>
         <load_address>0x1904</load_address>
         <run_address>0x1904</run_address>
         <size>0x9e</size>
         <input_file_ref idref="fl-3"/>
      </object_component>
      <object_component id="oc-32">
         <name>.debug_info</name>
         <load_address>0x19a2</load_address>
         <run_address>0x19a2</run_address>
         <size>0x2df</size>
         <input_file_ref idref="fl-4"/>
      </object_component>
      <object_component id="oc-10">
         <name>.debug_info</name>
         <load_address>0x1c81</load_address>
         <run_address>0x1c81</run_address>
         <size>0xf2</size>
         <input_file_ref idref="fl-4"/>
      </object_component>
      <object_component id="oc-25">
         <name>.debug_info</name>
         <load_address>0x1d73</load_address>
         <run_address>0x1d73</run_address>
         <size>0x26e</size>
         <input_file_ref idref="fl-4"/>
      </object_component>
      <object_component id="oc-99">
         <name>.debug_info</name>
         <load_address>0x1fe1</load_address>
         <run_address>0x1fe1</run_address>
         <size>0x313</size>
         <input_file_ref idref="fl-be"/>
      </object_component>
      <object_component id="oc-4e">
         <name>.debug_info</name>
         <load_address>0x22f4</load_address>
         <run_address>0x22f4</run_address>
         <size>0x1b4</size>
         <input_file_ref idref="fl-be"/>
      </object_component>
      <object_component id="oc-94">
         <name>.debug_info</name>
         <load_address>0x24a8</load_address>
         <run_address>0x24a8</run_address>
         <size>0x46</size>
         <input_file_ref idref="fl-be"/>
      </object_component>
      <object_component id="oc-c7">
         <name>.debug_info</name>
         <load_address>0x24ee</load_address>
         <run_address>0x24ee</run_address>
         <size>0x2c</size>
         <input_file_ref idref="fl-be"/>
      </object_component>
      <object_component id="oc-49">
         <name>.debug_info</name>
         <load_address>0x251a</load_address>
         <run_address>0x251a</run_address>
         <size>0x29d</size>
         <input_file_ref idref="fl-bf"/>
      </object_component>
      <object_component id="oc-1b">
         <name>.debug_info</name>
         <load_address>0x27b7</load_address>
         <run_address>0x27b7</run_address>
         <size>0x1df</size>
         <input_file_ref idref="fl-bf"/>
      </object_component>
      <object_component id="oc-44">
         <name>.debug_info</name>
         <load_address>0x2996</load_address>
         <run_address>0x2996</run_address>
         <size>0x46</size>
         <input_file_ref idref="fl-bf"/>
      </object_component>
      <object_component id="oc-8c">
         <name>.debug_info</name>
         <load_address>0x29dc</load_address>
         <run_address>0x29dc</run_address>
         <size>0x2c</size>
         <input_file_ref idref="fl-bf"/>
      </object_component>
      <object_component id="oc-8a">
         <name>.debug_info</name>
         <load_address>0x2a08</load_address>
         <run_address>0x2a08</run_address>
         <size>0x293</size>
         <input_file_ref idref="fl-c0"/>
      </object_component>
      <object_component id="oc-14">
         <name>.debug_info</name>
         <load_address>0x2c9b</load_address>
         <run_address>0x2c9b</run_address>
         <size>0x245</size>
         <input_file_ref idref="fl-c0"/>
      </object_component>
      <object_component id="oc-34">
         <name>.debug_info</name>
         <load_address>0x2ee0</load_address>
         <run_address>0x2ee0</run_address>
         <size>0x60</size>
         <input_file_ref idref="fl-c0"/>
      </object_component>
      <object_component id="oc-c0">
         <name>.debug_info</name>
         <load_address>0x2f40</load_address>
         <run_address>0x2f40</run_address>
         <size>0x46</size>
         <input_file_ref idref="fl-c0"/>
      </object_component>
      <object_component id="oc-85">
         <name>.debug_info</name>
         <load_address>0x2f86</load_address>
         <run_address>0x2f86</run_address>
         <size>0x39</size>
         <input_file_ref idref="fl-c0"/>
      </object_component>
      <object_component id="oc-22">
         <name>.debug_info</name>
         <load_address>0x2fbf</load_address>
         <run_address>0x2fbf</run_address>
         <size>0x100</size>
         <input_file_ref idref="fl-c1"/>
      </object_component>
      <object_component id="oc-5e">
         <name>.debug_info</name>
         <load_address>0x30bf</load_address>
         <run_address>0x30bf</run_address>
         <size>0x1a4</size>
         <input_file_ref idref="fl-c1"/>
      </object_component>
      <object_component id="oc-d3">
         <name>.debug_info</name>
         <load_address>0x3263</load_address>
         <run_address>0x3263</run_address>
         <size>0x117</size>
         <input_file_ref idref="fl-c2"/>
      </object_component>
      <object_component id="oc-40">
         <name>.debug_info</name>
         <load_address>0x337a</load_address>
         <run_address>0x337a</run_address>
         <size>0x111</size>
         <input_file_ref idref="fl-c5"/>
      </object_component>
      <object_component id="oc-119">
         <name>.debug_info</name>
         <load_address>0x348b</load_address>
         <run_address>0x348b</run_address>
         <size>0x547</size>
         <input_file_ref idref="fl-c7"/>
      </object_component>
      <object_component id="oc-dd">
         <name>.debug_info</name>
         <load_address>0x39d2</load_address>
         <run_address>0x39d2</run_address>
         <size>0x19b</size>
         <input_file_ref idref="fl-c7"/>
      </object_component>
      <object_component id="oc-13e">
         <name>.debug_info</name>
         <load_address>0x3b6d</load_address>
         <run_address>0x3b6d</run_address>
         <size>0x39</size>
         <input_file_ref idref="fl-c7"/>
      </object_component>
      <object_component id="oc-152">
         <name>.debug_info</name>
         <load_address>0x3ba6</load_address>
         <run_address>0x3ba6</run_address>
         <size>0x39</size>
         <input_file_ref idref="fl-c7"/>
      </object_component>
      <object_component id="oc-143">
         <name>.debug_info</name>
         <load_address>0x3bdf</load_address>
         <run_address>0x3bdf</run_address>
         <size>0x39</size>
         <input_file_ref idref="fl-c7"/>
      </object_component>
      <object_component id="oc-148">
         <name>.debug_info</name>
         <load_address>0x3c18</load_address>
         <run_address>0x3c18</run_address>
         <size>0xcd</size>
         <input_file_ref idref="fl-c7"/>
      </object_component>
      <object_component id="oc-a1">
         <name>.debug_info</name>
         <load_address>0x3ce5</load_address>
         <run_address>0x3ce5</run_address>
         <size>0x148</size>
         <input_file_ref idref="fl-c8"/>
      </object_component>
      <object_component id="oc-18a">
         <name>.debug_info</name>
         <load_address>0x3e2d</load_address>
         <run_address>0x3e2d</run_address>
         <size>0xa8</size>
      </object_component>
      <object_component id="oc-b5">
         <name>.debug_line</name>
         <load_address>0x0</load_address>
         <run_address>0x0</run_address>
         <size>0x72</size>
         <input_file_ref idref="fl-3"/>
      </object_component>
      <object_component id="oc-b3">
         <name>.debug_line</name>
         <load_address>0x72</load_address>
         <run_address>0x72</run_address>
         <size>0xb9</size>
         <input_file_ref idref="fl-3"/>
      </object_component>
      <object_component id="oc-2e">
         <name>.debug_line</name>
         <load_address>0x12b</load_address>
         <run_address>0x12b</run_address>
         <size>0x298</size>
         <input_file_ref idref="fl-3"/>
      </object_component>
      <object_component id="oc-83">
         <name>.debug_line</name>
         <load_address>0x3c3</load_address>
         <run_address>0x3c3</run_address>
         <size>0x69</size>
         <input_file_ref idref="fl-3"/>
      </object_component>
      <object_component id="oc-3c">
         <name>.debug_line</name>
         <load_address>0x42c</load_address>
         <run_address>0x42c</run_address>
         <size>0x20</size>
         <input_file_ref idref="fl-3"/>
      </object_component>
      <object_component id="oc-be">
         <name>.debug_line</name>
         <load_address>0x44c</load_address>
         <run_address>0x44c</run_address>
         <size>0x6d</size>
         <input_file_ref idref="fl-3"/>
      </object_component>
      <object_component id="oc-7c">
         <name>.debug_line</name>
         <load_address>0x4b9</load_address>
         <run_address>0x4b9</run_address>
         <size>0x6a</size>
         <input_file_ref idref="fl-3"/>
      </object_component>
      <object_component id="oc-b9">
         <name>.debug_line</name>
         <load_address>0x523</load_address>
         <run_address>0x523</run_address>
         <size>0x65</size>
         <input_file_ref idref="fl-3"/>
      </object_component>
      <object_component id="oc-7f">
         <name>.debug_line</name>
         <load_address>0x588</load_address>
         <run_address>0x588</run_address>
         <size>0x41</size>
         <input_file_ref idref="fl-4"/>
      </object_component>
      <object_component id="oc-31">
         <name>.debug_line</name>
         <load_address>0x5c9</load_address>
         <run_address>0x5c9</run_address>
         <size>0x41</size>
         <input_file_ref idref="fl-4"/>
      </object_component>
      <object_component id="oc-28">
         <name>.debug_line</name>
         <load_address>0x60a</load_address>
         <run_address>0x60a</run_address>
         <size>0xa1</size>
         <input_file_ref idref="fl-4"/>
      </object_component>
      <object_component id="oc-cd">
         <name>.debug_line</name>
         <load_address>0x6ab</load_address>
         <run_address>0x6ab</run_address>
         <size>0x9e</size>
         <input_file_ref idref="fl-be"/>
      </object_component>
      <object_component id="oc-4d">
         <name>.debug_line</name>
         <load_address>0x749</load_address>
         <run_address>0x749</run_address>
         <size>0x4f</size>
         <input_file_ref idref="fl-be"/>
      </object_component>
      <object_component id="oc-97">
         <name>.debug_line</name>
         <load_address>0x798</load_address>
         <run_address>0x798</run_address>
         <size>0x34</size>
         <input_file_ref idref="fl-be"/>
      </object_component>
      <object_component id="oc-ca">
         <name>.debug_line</name>
         <load_address>0x7cc</load_address>
         <run_address>0x7cc</run_address>
         <size>0x8a</size>
         <input_file_ref idref="fl-be"/>
      </object_component>
      <object_component id="oc-92">
         <name>.debug_line</name>
         <load_address>0x856</load_address>
         <run_address>0x856</run_address>
         <size>0x20</size>
         <input_file_ref idref="fl-bf"/>
      </object_component>
      <object_component id="oc-1d">
         <name>.debug_line</name>
         <load_address>0x876</load_address>
         <run_address>0x876</run_address>
         <size>0x55</size>
         <input_file_ref idref="fl-bf"/>
      </object_component>
      <object_component id="oc-47">
         <name>.debug_line</name>
         <load_address>0x8cb</load_address>
         <run_address>0x8cb</run_address>
         <size>0x3a</size>
         <input_file_ref idref="fl-bf"/>
      </object_component>
      <object_component id="oc-8f">
         <name>.debug_line</name>
         <load_address>0x905</load_address>
         <run_address>0x905</run_address>
         <size>0x8a</size>
         <input_file_ref idref="fl-bf"/>
      </object_component>
      <object_component id="oc-c6">
         <name>.debug_line</name>
         <load_address>0x98f</load_address>
         <run_address>0x98f</run_address>
         <size>0x20</size>
         <input_file_ref idref="fl-c0"/>
      </object_component>
      <object_component id="oc-16">
         <name>.debug_line</name>
         <load_address>0x9af</load_address>
         <run_address>0x9af</run_address>
         <size>0xa9</size>
         <input_file_ref idref="fl-c0"/>
      </object_component>
      <object_component id="oc-37">
         <name>.debug_line</name>
         <load_address>0xa58</load_address>
         <run_address>0xa58</run_address>
         <size>0x3a</size>
         <input_file_ref idref="fl-c0"/>
      </object_component>
      <object_component id="oc-c3">
         <name>.debug_line</name>
         <load_address>0xa92</load_address>
         <run_address>0xa92</run_address>
         <size>0x92</size>
         <input_file_ref idref="fl-c0"/>
      </object_component>
      <object_component id="oc-88">
         <name>.debug_line</name>
         <load_address>0xb24</load_address>
         <run_address>0xb24</run_address>
         <size>0x8e</size>
         <input_file_ref idref="fl-c0"/>
      </object_component>
      <object_component id="oc-6f">
         <name>.debug_line</name>
         <load_address>0xbb2</load_address>
         <run_address>0xbb2</run_address>
         <size>0x33</size>
         <input_file_ref idref="fl-c1"/>
      </object_component>
      <object_component id="oc-60">
         <name>.debug_line</name>
         <load_address>0xbe5</load_address>
         <run_address>0xbe5</run_address>
         <size>0x56</size>
         <input_file_ref idref="fl-c1"/>
      </object_component>
      <object_component id="oc-d5">
         <name>.debug_line</name>
         <load_address>0xc3b</load_address>
         <run_address>0xc3b</run_address>
         <size>0x3c</size>
         <input_file_ref idref="fl-c2"/>
      </object_component>
      <object_component id="oc-3f">
         <name>.debug_line</name>
         <load_address>0xc77</load_address>
         <run_address>0xc77</run_address>
         <size>0x88</size>
         <input_file_ref idref="fl-c5"/>
      </object_component>
      <object_component id="oc-13d">
         <name>.debug_line</name>
         <load_address>0xcff</load_address>
         <run_address>0xcff</run_address>
         <size>0xb7</size>
         <input_file_ref idref="fl-c7"/>
      </object_component>
      <object_component id="oc-e0">
         <name>.debug_line</name>
         <load_address>0xdb6</load_address>
         <run_address>0xdb6</run_address>
         <size>0x6c</size>
         <input_file_ref idref="fl-c7"/>
      </object_component>
      <object_component id="oc-141">
         <name>.debug_line</name>
         <load_address>0xe22</load_address>
         <run_address>0xe22</run_address>
         <size>0x2e</size>
         <input_file_ref idref="fl-c7"/>
      </object_component>
      <object_component id="oc-155">
         <name>.debug_line</name>
         <load_address>0xe50</load_address>
         <run_address>0xe50</run_address>
         <size>0x92</size>
         <input_file_ref idref="fl-c7"/>
      </object_component>
      <object_component id="oc-146">
         <name>.debug_line</name>
         <load_address>0xee2</load_address>
         <run_address>0xee2</run_address>
         <size>0x8f</size>
         <input_file_ref idref="fl-c7"/>
      </object_component>
      <object_component id="oc-14b">
         <name>.debug_line</name>
         <load_address>0xf71</load_address>
         <run_address>0xf71</run_address>
         <size>0x8b</size>
         <input_file_ref idref="fl-c7"/>
      </object_component>
      <object_component id="oc-a4">
         <name>.debug_line</name>
         <load_address>0xffc</load_address>
         <run_address>0xffc</run_address>
         <size>0x40</size>
         <input_file_ref idref="fl-c8"/>
      </object_component>
      <object_component id="oc-2f">
         <name>.debug_frame</name>
         <load_address>0x0</load_address>
         <run_address>0x0</run_address>
         <size>0x19c</size>
         <input_file_ref idref="fl-3"/>
      </object_component>
      <object_component id="oc-29">
         <name>.debug_frame</name>
         <load_address>0x19c</load_address>
         <run_address>0x19c</run_address>
         <size>0x90</size>
         <input_file_ref idref="fl-4"/>
      </object_component>
      <object_component id="oc-4c">
         <name>.debug_frame</name>
         <load_address>0x22c</load_address>
         <run_address>0x22c</run_address>
         <size>0x54</size>
         <input_file_ref idref="fl-be"/>
      </object_component>
      <object_component id="oc-19">
         <name>.debug_frame</name>
         <load_address>0x280</load_address>
         <run_address>0x280</run_address>
         <size>0x54</size>
         <input_file_ref idref="fl-bf"/>
      </object_component>
      <object_component id="oc-17">
         <name>.debug_frame</name>
         <load_address>0x2d4</load_address>
         <run_address>0x2d4</run_address>
         <size>0x60</size>
         <input_file_ref idref="fl-c0"/>
      </object_component>
      <object_component id="oc-61">
         <name>.debug_frame</name>
         <load_address>0x334</load_address>
         <run_address>0x334</run_address>
         <size>0x58</size>
         <input_file_ref idref="fl-c1"/>
      </object_component>
      <object_component id="oc-d1">
         <name>.debug_frame</name>
         <load_address>0x38c</load_address>
         <run_address>0x38c</run_address>
         <size>0x54</size>
         <input_file_ref idref="fl-c2"/>
      </object_component>
      <object_component id="oc-e1">
         <name>.debug_frame</name>
         <load_address>0x3e0</load_address>
         <run_address>0x3e0</run_address>
         <size>0x5c</size>
         <input_file_ref idref="fl-c7"/>
      </object_component>
      <object_component id="oc-a5">
         <name>.debug_frame</name>
         <load_address>0x43c</load_address>
         <run_address>0x43c</run_address>
         <size>0x54</size>
         <input_file_ref idref="fl-c8"/>
      </object_component>
      <object_component id="oc-b4">
         <name>.debug_abbrev</name>
         <load_address>0x0</load_address>
         <run_address>0x0</run_address>
         <size>0x67</size>
         <input_file_ref idref="fl-3"/>
      </object_component>
      <object_component id="oc-b2">
         <name>.debug_abbrev</name>
         <load_address>0x67</load_address>
         <run_address>0x67</run_address>
         <size>0x29</size>
         <input_file_ref idref="fl-3"/>
      </object_component>
      <object_component id="oc-78">
         <name>.debug_abbrev</name>
         <load_address>0x90</load_address>
         <run_address>0x90</run_address>
         <size>0xa9</size>
         <input_file_ref idref="fl-3"/>
      </object_component>
      <object_component id="oc-82">
         <name>.debug_abbrev</name>
         <load_address>0x139</load_address>
         <run_address>0x139</run_address>
         <size>0x69</size>
         <input_file_ref idref="fl-3"/>
      </object_component>
      <object_component id="oc-3b">
         <name>.debug_abbrev</name>
         <load_address>0x1a2</load_address>
         <run_address>0x1a2</run_address>
         <size>0x1f</size>
         <input_file_ref idref="fl-3"/>
      </object_component>
      <object_component id="oc-bd">
         <name>.debug_abbrev</name>
         <load_address>0x1c1</load_address>
         <run_address>0x1c1</run_address>
         <size>0x5c</size>
         <input_file_ref idref="fl-3"/>
      </object_component>
      <object_component id="oc-7b">
         <name>.debug_abbrev</name>
         <load_address>0x21d</load_address>
         <run_address>0x21d</run_address>
         <size>0x24</size>
         <input_file_ref idref="fl-3"/>
      </object_component>
      <object_component id="oc-b8">
         <name>.debug_abbrev</name>
         <load_address>0x241</load_address>
         <run_address>0x241</run_address>
         <size>0x4b</size>
         <input_file_ref idref="fl-3"/>
      </object_component>
      <object_component id="oc-7e">
         <name>.debug_abbrev</name>
         <load_address>0x28c</load_address>
         <run_address>0x28c</run_address>
         <size>0x7c</size>
         <input_file_ref idref="fl-4"/>
      </object_component>
      <object_component id="oc-30">
         <name>.debug_abbrev</name>
         <load_address>0x308</load_address>
         <run_address>0x308</run_address>
         <size>0x29</size>
         <input_file_ref idref="fl-4"/>
      </object_component>
      <object_component id="oc-70">
         <name>.debug_abbrev</name>
         <load_address>0x331</load_address>
         <run_address>0x331</run_address>
         <size>0x79</size>
         <input_file_ref idref="fl-4"/>
      </object_component>
      <object_component id="oc-cc">
         <name>.debug_abbrev</name>
         <load_address>0x3aa</load_address>
         <run_address>0x3aa</run_address>
         <size>0x73</size>
         <input_file_ref idref="fl-be"/>
      </object_component>
      <object_component id="oc-93">
         <name>.debug_abbrev</name>
         <load_address>0x41d</load_address>
         <run_address>0x41d</run_address>
         <size>0x6f</size>
         <input_file_ref idref="fl-be"/>
      </object_component>
      <object_component id="oc-96">
         <name>.debug_abbrev</name>
         <load_address>0x48c</load_address>
         <run_address>0x48c</run_address>
         <size>0x24</size>
         <input_file_ref idref="fl-be"/>
      </object_component>
      <object_component id="oc-c9">
         <name>.debug_abbrev</name>
         <load_address>0x4b0</load_address>
         <run_address>0x4b0</run_address>
         <size>0x24</size>
         <input_file_ref idref="fl-be"/>
      </object_component>
      <object_component id="oc-91">
         <name>.debug_abbrev</name>
         <load_address>0x4d4</load_address>
         <run_address>0x4d4</run_address>
         <size>0x37</size>
         <input_file_ref idref="fl-bf"/>
      </object_component>
      <object_component id="oc-43">
         <name>.debug_abbrev</name>
         <load_address>0x50b</load_address>
         <run_address>0x50b</run_address>
         <size>0x74</size>
         <input_file_ref idref="fl-bf"/>
      </object_component>
      <object_component id="oc-46">
         <name>.debug_abbrev</name>
         <load_address>0x57f</load_address>
         <run_address>0x57f</run_address>
         <size>0x24</size>
         <input_file_ref idref="fl-bf"/>
      </object_component>
      <object_component id="oc-8e">
         <name>.debug_abbrev</name>
         <load_address>0x5a3</load_address>
         <run_address>0x5a3</run_address>
         <size>0x24</size>
         <input_file_ref idref="fl-bf"/>
      </object_component>
      <object_component id="oc-c5">
         <name>.debug_abbrev</name>
         <load_address>0x5c7</load_address>
         <run_address>0x5c7</run_address>
         <size>0x37</size>
         <input_file_ref idref="fl-c0"/>
      </object_component>
      <object_component id="oc-33">
         <name>.debug_abbrev</name>
         <load_address>0x5fe</load_address>
         <run_address>0x5fe</run_address>
         <size>0x6f</size>
         <input_file_ref idref="fl-c0"/>
      </object_component>
      <object_component id="oc-36">
         <name>.debug_abbrev</name>
         <load_address>0x66d</load_address>
         <run_address>0x66d</run_address>
         <size>0x24</size>
         <input_file_ref idref="fl-c0"/>
      </object_component>
      <object_component id="oc-c2">
         <name>.debug_abbrev</name>
         <load_address>0x691</load_address>
         <run_address>0x691</run_address>
         <size>0x35</size>
         <input_file_ref idref="fl-c0"/>
      </object_component>
      <object_component id="oc-87">
         <name>.debug_abbrev</name>
         <load_address>0x6c6</load_address>
         <run_address>0x6c6</run_address>
         <size>0x24</size>
         <input_file_ref idref="fl-c0"/>
      </object_component>
      <object_component id="oc-6e">
         <name>.debug_abbrev</name>
         <load_address>0x6ea</load_address>
         <run_address>0x6ea</run_address>
         <size>0x29</size>
         <input_file_ref idref="fl-c1"/>
      </object_component>
      <object_component id="oc-a9">
         <name>.debug_abbrev</name>
         <load_address>0x713</load_address>
         <run_address>0x713</run_address>
         <size>0x61</size>
         <input_file_ref idref="fl-c1"/>
      </object_component>
      <object_component id="oc-10e">
         <name>.debug_abbrev</name>
         <load_address>0x774</load_address>
         <run_address>0x774</run_address>
         <size>0x45</size>
         <input_file_ref idref="fl-c2"/>
      </object_component>
      <object_component id="oc-8b">
         <name>.debug_abbrev</name>
         <load_address>0x7b9</load_address>
         <run_address>0x7b9</run_address>
         <size>0x3e</size>
         <input_file_ref idref="fl-c5"/>
      </object_component>
      <object_component id="oc-13c">
         <name>.debug_abbrev</name>
         <load_address>0x7f7</load_address>
         <run_address>0x7f7</run_address>
         <size>0xdb</size>
         <input_file_ref idref="fl-c7"/>
      </object_component>
      <object_component id="oc-118">
         <name>.debug_abbrev</name>
         <load_address>0x8d2</load_address>
         <run_address>0x8d2</run_address>
         <size>0x7e</size>
         <input_file_ref idref="fl-c7"/>
      </object_component>
      <object_component id="oc-140">
         <name>.debug_abbrev</name>
         <load_address>0x950</load_address>
         <run_address>0x950</run_address>
         <size>0x24</size>
         <input_file_ref idref="fl-c7"/>
      </object_component>
      <object_component id="oc-154">
         <name>.debug_abbrev</name>
         <load_address>0x974</load_address>
         <run_address>0x974</run_address>
         <size>0x24</size>
         <input_file_ref idref="fl-c7"/>
      </object_component>
      <object_component id="oc-145">
         <name>.debug_abbrev</name>
         <load_address>0x998</load_address>
         <run_address>0x998</run_address>
         <size>0x24</size>
         <input_file_ref idref="fl-c7"/>
      </object_component>
      <object_component id="oc-14a">
         <name>.debug_abbrev</name>
         <load_address>0x9bc</load_address>
         <run_address>0x9bc</run_address>
         <size>0x4b</size>
         <input_file_ref idref="fl-c7"/>
      </object_component>
      <object_component id="oc-cf">
         <name>.debug_abbrev</name>
         <load_address>0xa07</load_address>
         <run_address>0xa07</run_address>
         <size>0x55</size>
         <input_file_ref idref="fl-c8"/>
      </object_component>
      <object_component id="oc-18b">
         <name>.debug_abbrev</name>
         <load_address>0xa5c</load_address>
         <run_address>0xa5c</run_address>
         <size>0xf</size>
      </object_component>
      <object_component id="oc-84">
         <name>.debug_str</name>
         <load_address>0x0</load_address>
         <run_address>0x0</run_address>
         <size>0x2b0</size>
         <input_file_ref idref="fl-3"/>
      </object_component>
      <object_component id="oc-3d">
         <name>.debug_str</name>
         <load_address>0x2b0</load_address>
         <run_address>0x2b0</run_address>
         <size>0xfa</size>
         <input_file_ref idref="fl-3"/>
      </object_component>
      <object_component id="oc-bf">
         <name>.debug_str</name>
         <load_address>0x3aa</load_address>
         <run_address>0x3aa</run_address>
         <size>0x33f</size>
         <input_file_ref idref="fl-3"/>
      </object_component>
      <object_component id="oc-7d">
         <name>.debug_str</name>
         <load_address>0x6e9</load_address>
         <run_address>0x6e9</run_address>
         <size>0x148</size>
         <input_file_ref idref="fl-3"/>
      </object_component>
      <object_component id="oc-ba">
         <name>.debug_str</name>
         <load_address>0x831</load_address>
         <run_address>0x831</run_address>
         <size>0x113</size>
         <input_file_ref idref="fl-3"/>
      </object_component>
      <object_component id="oc-98">
         <name>.debug_str</name>
         <load_address>0x944</load_address>
         <run_address>0x944</run_address>
         <size>0xfa</size>
         <input_file_ref idref="fl-be"/>
      </object_component>
      <object_component id="oc-cb">
         <name>.debug_str</name>
         <load_address>0xa3e</load_address>
         <run_address>0xa3e</run_address>
         <size>0x12d</size>
         <input_file_ref idref="fl-be"/>
      </object_component>
      <object_component id="oc-48">
         <name>.debug_str</name>
         <load_address>0xb6b</load_address>
         <run_address>0xb6b</run_address>
         <size>0x100</size>
         <input_file_ref idref="fl-bf"/>
      </object_component>
      <object_component id="oc-90">
         <name>.debug_str</name>
         <load_address>0xc6b</load_address>
         <run_address>0xc6b</run_address>
         <size>0x12d</size>
         <input_file_ref idref="fl-bf"/>
      </object_component>
      <object_component id="oc-38">
         <name>.debug_str</name>
         <load_address>0xd98</load_address>
         <run_address>0xd98</run_address>
         <size>0x10d</size>
         <input_file_ref idref="fl-c0"/>
      </object_component>
      <object_component id="oc-c4">
         <name>.debug_str</name>
         <load_address>0xea5</load_address>
         <run_address>0xea5</run_address>
         <size>0x158</size>
         <input_file_ref idref="fl-c0"/>
      </object_component>
      <object_component id="oc-89">
         <name>.debug_str</name>
         <load_address>0xffd</load_address>
         <run_address>0xffd</run_address>
         <size>0x145</size>
         <input_file_ref idref="fl-c0"/>
      </object_component>
      <object_component id="oc-142">
         <name>.debug_str</name>
         <load_address>0x1142</load_address>
         <run_address>0x1142</run_address>
         <size>0xe2</size>
         <input_file_ref idref="fl-c7"/>
      </object_component>
      <object_component id="oc-156">
         <name>.debug_str</name>
         <load_address>0x1224</load_address>
         <run_address>0x1224</run_address>
         <size>0x144</size>
         <input_file_ref idref="fl-c7"/>
      </object_component>
      <object_component id="oc-147">
         <name>.debug_str</name>
         <load_address>0x1368</load_address>
         <run_address>0x1368</run_address>
         <size>0x13d</size>
         <input_file_ref idref="fl-c7"/>
      </object_component>
      <object_component id="oc-14c">
         <name>.debug_str</name>
         <load_address>0x14a5</load_address>
         <run_address>0x14a5</run_address>
         <size>0x184</size>
         <input_file_ref idref="fl-c7"/>
      </object_component>
      <object_component id="oc-2c">
         <name>.debug_aranges</name>
         <load_address>0x0</load_address>
         <run_address>0x0</run_address>
         <size>0x90</size>
         <input_file_ref idref="fl-3"/>
      </object_component>
      <object_component id="oc-26">
         <name>.debug_aranges</name>
         <load_address>0x90</load_address>
         <run_address>0x90</run_address>
         <size>0x38</size>
         <input_file_ref idref="fl-4"/>
      </object_component>
      <object_component id="oc-4b">
         <name>.debug_aranges</name>
         <load_address>0xc8</load_address>
         <run_address>0xc8</run_address>
         <size>0x20</size>
         <input_file_ref idref="fl-be"/>
      </object_component>
      <object_component id="oc-1a">
         <name>.debug_aranges</name>
         <load_address>0xe8</load_address>
         <run_address>0xe8</run_address>
         <size>0x20</size>
         <input_file_ref idref="fl-bf"/>
      </object_component>
      <object_component id="oc-13">
         <name>.debug_aranges</name>
         <load_address>0x108</load_address>
         <run_address>0x108</run_address>
         <size>0x20</size>
         <input_file_ref idref="fl-c0"/>
      </object_component>
      <object_component id="oc-5d">
         <name>.debug_aranges</name>
         <load_address>0x128</load_address>
         <run_address>0x128</run_address>
         <size>0x20</size>
         <input_file_ref idref="fl-c1"/>
      </object_component>
      <object_component id="oc-d2">
         <name>.debug_aranges</name>
         <load_address>0x148</load_address>
         <run_address>0x148</run_address>
         <size>0x20</size>
         <input_file_ref idref="fl-c2"/>
      </object_component>
      <object_component id="oc-41">
         <name>.debug_aranges</name>
         <load_address>0x168</load_address>
         <run_address>0x168</run_address>
         <size>0x20</size>
         <input_file_ref idref="fl-c5"/>
      </object_component>
      <object_component id="oc-de">
         <name>.debug_aranges</name>
         <load_address>0x188</load_address>
         <run_address>0x188</run_address>
         <size>0x20</size>
         <input_file_ref idref="fl-c7"/>
      </object_component>
      <object_component id="oc-a2">
         <name>.debug_aranges</name>
         <load_address>0x1a8</load_address>
         <run_address>0x1a8</run_address>
         <size>0x20</size>
         <input_file_ref idref="fl-c8"/>
      </object_component>
      <object_component id="oc-76">
         <name>.debug_pubnames</name>
         <load_address>0x0</load_address>
         <run_address>0x0</run_address>
         <size>0x39</size>
         <input_file_ref idref="fl-3"/>
      </object_component>
      <object_component id="oc-73">
         <name>.debug_pubnames</name>
         <load_address>0x39</load_address>
         <run_address>0x39</run_address>
         <size>0x89</size>
         <input_file_ref idref="fl-3"/>
      </object_component>
      <object_component id="oc-2d">
         <name>.debug_pubnames</name>
         <load_address>0xc2</load_address>
         <run_address>0xc2</run_address>
         <size>0xf6</size>
         <input_file_ref idref="fl-3"/>
      </object_component>
      <object_component id="oc-11">
         <name>.debug_pubnames</name>
         <load_address>0x1b8</load_address>
         <run_address>0x1b8</run_address>
         <size>0x23</size>
         <input_file_ref idref="fl-4"/>
      </object_component>
      <object_component id="oc-27">
         <name>.debug_pubnames</name>
         <load_address>0x1db</load_address>
         <run_address>0x1db</run_address>
         <size>0x4c</size>
         <input_file_ref idref="fl-4"/>
      </object_component>
      <object_component id="oc-4f">
         <name>.debug_pubnames</name>
         <load_address>0x227</load_address>
         <run_address>0x227</run_address>
         <size>0x2e</size>
         <input_file_ref idref="fl-be"/>
      </object_component>
      <object_component id="oc-1c">
         <name>.debug_pubnames</name>
         <load_address>0x255</load_address>
         <run_address>0x255</run_address>
         <size>0x2b</size>
         <input_file_ref idref="fl-bf"/>
      </object_component>
      <object_component id="oc-15">
         <name>.debug_pubnames</name>
         <load_address>0x280</load_address>
         <run_address>0x280</run_address>
         <size>0x2b</size>
         <input_file_ref idref="fl-c0"/>
      </object_component>
      <object_component id="oc-23">
         <name>.debug_pubnames</name>
         <load_address>0x2ab</load_address>
         <run_address>0x2ab</run_address>
         <size>0x1e</size>
         <input_file_ref idref="fl-c1"/>
      </object_component>
      <object_component id="oc-5f">
         <name>.debug_pubnames</name>
         <load_address>0x2c9</load_address>
         <run_address>0x2c9</run_address>
         <size>0x26</size>
         <input_file_ref idref="fl-c1"/>
      </object_component>
      <object_component id="oc-d4">
         <name>.debug_pubnames</name>
         <load_address>0x2ef</load_address>
         <run_address>0x2ef</run_address>
         <size>0x1c</size>
         <input_file_ref idref="fl-c2"/>
      </object_component>
      <object_component id="oc-42">
         <name>.debug_pubnames</name>
         <load_address>0x30b</load_address>
         <run_address>0x30b</run_address>
         <size>0x1d</size>
         <input_file_ref idref="fl-c5"/>
      </object_component>
      <object_component id="oc-df">
         <name>.debug_pubnames</name>
         <load_address>0x328</load_address>
         <run_address>0x328</run_address>
         <size>0x35</size>
         <input_file_ref idref="fl-c7"/>
      </object_component>
      <object_component id="oc-a3">
         <name>.debug_pubnames</name>
         <load_address>0x35d</load_address>
         <run_address>0x35d</run_address>
         <size>0x27</size>
         <input_file_ref idref="fl-c8"/>
      </object_component>
      <object_component id="oc-81">
         <name>.debug_pubtypes</name>
         <load_address>0x0</load_address>
         <run_address>0x0</run_address>
         <size>0x25c</size>
         <input_file_ref idref="fl-3"/>
      </object_component>
      <object_component id="oc-3a">
         <name>.debug_pubtypes</name>
         <load_address>0x25c</load_address>
         <run_address>0x25c</run_address>
         <size>0xed</size>
         <input_file_ref idref="fl-3"/>
      </object_component>
      <object_component id="oc-bc">
         <name>.debug_pubtypes</name>
         <load_address>0x349</load_address>
         <run_address>0x349</run_address>
         <size>0x325</size>
         <input_file_ref idref="fl-3"/>
      </object_component>
      <object_component id="oc-7a">
         <name>.debug_pubtypes</name>
         <load_address>0x66e</load_address>
         <run_address>0x66e</run_address>
         <size>0xaa</size>
         <input_file_ref idref="fl-3"/>
      </object_component>
      <object_component id="oc-b7">
         <name>.debug_pubtypes</name>
         <load_address>0x718</load_address>
         <run_address>0x718</run_address>
         <size>0x28</size>
         <input_file_ref idref="fl-3"/>
      </object_component>
      <object_component id="oc-95">
         <name>.debug_pubtypes</name>
         <load_address>0x740</load_address>
         <run_address>0x740</run_address>
         <size>0x48</size>
         <input_file_ref idref="fl-be"/>
      </object_component>
      <object_component id="oc-c8">
         <name>.debug_pubtypes</name>
         <load_address>0x788</load_address>
         <run_address>0x788</run_address>
         <size>0x1d</size>
         <input_file_ref idref="fl-be"/>
      </object_component>
      <object_component id="oc-45">
         <name>.debug_pubtypes</name>
         <load_address>0x7a5</load_address>
         <run_address>0x7a5</run_address>
         <size>0x48</size>
         <input_file_ref idref="fl-bf"/>
      </object_component>
      <object_component id="oc-8d">
         <name>.debug_pubtypes</name>
         <load_address>0x7ed</load_address>
         <run_address>0x7ed</run_address>
         <size>0x1d</size>
         <input_file_ref idref="fl-bf"/>
      </object_component>
      <object_component id="oc-35">
         <name>.debug_pubtypes</name>
         <load_address>0x80a</load_address>
         <run_address>0x80a</run_address>
         <size>0x5d</size>
         <input_file_ref idref="fl-c0"/>
      </object_component>
      <object_component id="oc-c1">
         <name>.debug_pubtypes</name>
         <load_address>0x867</load_address>
         <run_address>0x867</run_address>
         <size>0x48</size>
         <input_file_ref idref="fl-c0"/>
      </object_component>
      <object_component id="oc-86">
         <name>.debug_pubtypes</name>
         <load_address>0x8af</load_address>
         <run_address>0x8af</run_address>
         <size>0x35</size>
         <input_file_ref idref="fl-c0"/>
      </object_component>
      <object_component id="oc-13f">
         <name>.debug_pubtypes</name>
         <load_address>0x8e4</load_address>
         <run_address>0x8e4</run_address>
         <size>0x32</size>
         <input_file_ref idref="fl-c7"/>
      </object_component>
      <object_component id="oc-153">
         <name>.debug_pubtypes</name>
         <load_address>0x916</load_address>
         <run_address>0x916</run_address>
         <size>0x30</size>
         <input_file_ref idref="fl-c7"/>
      </object_component>
      <object_component id="oc-144">
         <name>.debug_pubtypes</name>
         <load_address>0x946</load_address>
         <run_address>0x946</run_address>
         <size>0x2c</size>
         <input_file_ref idref="fl-c7"/>
      </object_component>
      <object_component id="oc-149">
         <name>.debug_pubtypes</name>
         <load_address>0x972</load_address>
         <run_address>0x972</run_address>
         <size>0x50</size>
         <input_file_ref idref="fl-c7"/>
      </object_component>
   </object_component_list>
   <logical_group_list>
      <logical_group id="lg-3" display="no" color="cyan">
         <name>.intvecs</name>
         <load_address>0x0</load_address>
         <run_address>0x0</run_address>
         <size>0x26c</size>
         <contents>
            <object_component_ref idref="oc-f"/>
         </contents>
      </logical_group>
      <logical_group id="lg-4" display="no" color="cyan">
         <name>.text</name>
         <load_address>0x26c</load_address>
         <run_address>0x26c</run_address>
         <size>0x430</size>
         <contents>
            <object_component_ref idref="oc-2a"/>
            <object_component_ref idref="oc-3e"/>
            <object_component_ref idref="oc-12"/>
            <object_component_ref idref="oc-dc"/>
            <object_component_ref idref="oc-5c"/>
            <object_component_ref idref="oc-4a"/>
            <object_component_ref idref="oc-18"/>
            <object_component_ref idref="oc-24"/>
            <object_component_ref idref="oc-a0"/>
            <object_component_ref idref="oc-d0"/>
         </contents>
      </logical_group>
      <logical_group id="lg-5" display="no" color="cyan">
         <name>.const</name>
         <run_address>0x0</run_address>
         <size>0x0</size>
         <contents>
         </contents>
      </logical_group>
      <logical_group id="lg-6" display="no" color="cyan">
         <name>.cinit</name>
         <load_address>0x6a0</load_address>
         <run_address>0x6a0</run_address>
         <size>0x38</size>
         <contents>
            <object_component_ref idref="oc-187"/>
            <object_component_ref idref="oc-185"/>
            <object_component_ref idref="oc-188"/>
            <object_component_ref idref="oc-186"/>
         </contents>
      </logical_group>
      <logical_group id="lg-7" display="no" color="cyan">
         <name>.pinit</name>
         <run_address>0x0</run_address>
         <size>0x0</size>
         <contents>
         </contents>
      </logical_group>
      <logical_group id="lg-8" display="no" color="cyan">
         <name>.init_array</name>
         <run_address>0x0</run_address>
         <size>0x0</size>
         <contents>
         </contents>
      </logical_group>
      <logical_group id="lg-9" display="no" color="cyan">
         <name>.vtable</name>
         <run_address>0x0</run_address>
         <size>0x0</size>
         <contents>
         </contents>
      </logical_group>
      <logical_group id="lg-a" display="no" color="cyan">
         <name>.data</name>
         <run_address>0x20000200</run_address>
         <size>0x20</size>
         <contents>
            <object_component_ref idref="oc-71"/>
         </contents>
      </logical_group>
      <logical_group id="lg-b" display="no" color="cyan">
         <name>.bss</name>
         <run_address>0x20000220</run_address>
         <size>0x18</size>
         <contents>
            <object_component_ref idref="oc-74"/>
            <object_component_ref idref="oc-77"/>
         </contents>
      </logical_group>
      <logical_group id="lg-c" display="no" color="cyan">
         <name>.sysmem</name>
         <run_address>0x0</run_address>
         <size>0x0</size>
         <contents>
         </contents>
      </logical_group>
      <logical_group id="lg-d" display="no" color="cyan">
         <name>.stack</name>
         <run_address>0x20000000</run_address>
         <size>0x200</size>
         <contents>
            <object_component_ref idref="oc-21"/>
            <object_component_ref idref="oc-189"/>
         </contents>
      </logical_group>
      <logical_group id="lg-15e" display="no" color="cyan">
         <name>.TI.noinit</name>
         <run_address>0x0</run_address>
         <size>0x0</size>
         <contents>
         </contents>
      </logical_group>
      <logical_group id="lg-15f" display="no" color="cyan">
         <name>.TI.persistent</name>
         <run_address>0x0</run_address>
         <size>0x0</size>
         <contents>
         </contents>
      </logical_group>
      <logical_group id="lg-16d" display="never" color="cyan">
         <name>.debug_info</name>
         <load_address>0x0</load_address>
         <run_address>0x0</run_address>
         <size>0x3ed5</size>
         <contents>
            <object_component_ref idref="oc-75"/>
            <object_component_ref idref="oc-72"/>
            <object_component_ref idref="oc-2b"/>
            <object_component_ref idref="oc-80"/>
            <object_component_ref idref="oc-39"/>
            <object_component_ref idref="oc-bb"/>
            <object_component_ref idref="oc-79"/>
            <object_component_ref idref="oc-b6"/>
            <object_component_ref idref="oc-32"/>
            <object_component_ref idref="oc-10"/>
            <object_component_ref idref="oc-25"/>
            <object_component_ref idref="oc-99"/>
            <object_component_ref idref="oc-4e"/>
            <object_component_ref idref="oc-94"/>
            <object_component_ref idref="oc-c7"/>
            <object_component_ref idref="oc-49"/>
            <object_component_ref idref="oc-1b"/>
            <object_component_ref idref="oc-44"/>
            <object_component_ref idref="oc-8c"/>
            <object_component_ref idref="oc-8a"/>
            <object_component_ref idref="oc-14"/>
            <object_component_ref idref="oc-34"/>
            <object_component_ref idref="oc-c0"/>
            <object_component_ref idref="oc-85"/>
            <object_component_ref idref="oc-22"/>
            <object_component_ref idref="oc-5e"/>
            <object_component_ref idref="oc-d3"/>
            <object_component_ref idref="oc-40"/>
            <object_component_ref idref="oc-119"/>
            <object_component_ref idref="oc-dd"/>
            <object_component_ref idref="oc-13e"/>
            <object_component_ref idref="oc-152"/>
            <object_component_ref idref="oc-143"/>
            <object_component_ref idref="oc-148"/>
            <object_component_ref idref="oc-a1"/>
            <object_component_ref idref="oc-18a"/>
         </contents>
      </logical_group>
      <logical_group id="lg-16f" display="never" color="cyan">
         <name>.debug_line</name>
         <load_address>0x0</load_address>
         <run_address>0x0</run_address>
         <size>0x103c</size>
         <contents>
            <object_component_ref idref="oc-b5"/>
            <object_component_ref idref="oc-b3"/>
            <object_component_ref idref="oc-2e"/>
            <object_component_ref idref="oc-83"/>
            <object_component_ref idref="oc-3c"/>
            <object_component_ref idref="oc-be"/>
            <object_component_ref idref="oc-7c"/>
            <object_component_ref idref="oc-b9"/>
            <object_component_ref idref="oc-7f"/>
            <object_component_ref idref="oc-31"/>
            <object_component_ref idref="oc-28"/>
            <object_component_ref idref="oc-cd"/>
            <object_component_ref idref="oc-4d"/>
            <object_component_ref idref="oc-97"/>
            <object_component_ref idref="oc-ca"/>
            <object_component_ref idref="oc-92"/>
            <object_component_ref idref="oc-1d"/>
            <object_component_ref idref="oc-47"/>
            <object_component_ref idref="oc-8f"/>
            <object_component_ref idref="oc-c6"/>
            <object_component_ref idref="oc-16"/>
            <object_component_ref idref="oc-37"/>
            <object_component_ref idref="oc-c3"/>
            <object_component_ref idref="oc-88"/>
            <object_component_ref idref="oc-6f"/>
            <object_component_ref idref="oc-60"/>
            <object_component_ref idref="oc-d5"/>
            <object_component_ref idref="oc-3f"/>
            <object_component_ref idref="oc-13d"/>
            <object_component_ref idref="oc-e0"/>
            <object_component_ref idref="oc-141"/>
            <object_component_ref idref="oc-155"/>
            <object_component_ref idref="oc-146"/>
            <object_component_ref idref="oc-14b"/>
            <object_component_ref idref="oc-a4"/>
         </contents>
      </logical_group>
      <logical_group id="lg-171" display="never" color="cyan">
         <name>.debug_frame</name>
         <load_address>0x0</load_address>
         <run_address>0x0</run_address>
         <size>0x490</size>
         <contents>
            <object_component_ref idref="oc-2f"/>
            <object_component_ref idref="oc-29"/>
            <object_component_ref idref="oc-4c"/>
            <object_component_ref idref="oc-19"/>
            <object_component_ref idref="oc-17"/>
            <object_component_ref idref="oc-61"/>
            <object_component_ref idref="oc-d1"/>
            <object_component_ref idref="oc-e1"/>
            <object_component_ref idref="oc-a5"/>
         </contents>
      </logical_group>
      <logical_group id="lg-173" display="never" color="cyan">
         <name>.debug_abbrev</name>
         <load_address>0x0</load_address>
         <run_address>0x0</run_address>
         <size>0xa6b</size>
         <contents>
            <object_component_ref idref="oc-b4"/>
            <object_component_ref idref="oc-b2"/>
            <object_component_ref idref="oc-78"/>
            <object_component_ref idref="oc-82"/>
            <object_component_ref idref="oc-3b"/>
            <object_component_ref idref="oc-bd"/>
            <object_component_ref idref="oc-7b"/>
            <object_component_ref idref="oc-b8"/>
            <object_component_ref idref="oc-7e"/>
            <object_component_ref idref="oc-30"/>
            <object_component_ref idref="oc-70"/>
            <object_component_ref idref="oc-cc"/>
            <object_component_ref idref="oc-93"/>
            <object_component_ref idref="oc-96"/>
            <object_component_ref idref="oc-c9"/>
            <object_component_ref idref="oc-91"/>
            <object_component_ref idref="oc-43"/>
            <object_component_ref idref="oc-46"/>
            <object_component_ref idref="oc-8e"/>
            <object_component_ref idref="oc-c5"/>
            <object_component_ref idref="oc-33"/>
            <object_component_ref idref="oc-36"/>
            <object_component_ref idref="oc-c2"/>
            <object_component_ref idref="oc-87"/>
            <object_component_ref idref="oc-6e"/>
            <object_component_ref idref="oc-a9"/>
            <object_component_ref idref="oc-10e"/>
            <object_component_ref idref="oc-8b"/>
            <object_component_ref idref="oc-13c"/>
            <object_component_ref idref="oc-118"/>
            <object_component_ref idref="oc-140"/>
            <object_component_ref idref="oc-154"/>
            <object_component_ref idref="oc-145"/>
            <object_component_ref idref="oc-14a"/>
            <object_component_ref idref="oc-cf"/>
            <object_component_ref idref="oc-18b"/>
         </contents>
      </logical_group>
      <logical_group id="lg-175" display="never" color="cyan">
         <name>.debug_str</name>
         <load_address>0x0</load_address>
         <run_address>0x0</run_address>
         <size>0x1629</size>
         <contents>
            <object_component_ref idref="oc-84"/>
            <object_component_ref idref="oc-3d"/>
            <object_component_ref idref="oc-bf"/>
            <object_component_ref idref="oc-7d"/>
            <object_component_ref idref="oc-ba"/>
            <object_component_ref idref="oc-98"/>
            <object_component_ref idref="oc-cb"/>
            <object_component_ref idref="oc-48"/>
            <object_component_ref idref="oc-90"/>
            <object_component_ref idref="oc-38"/>
            <object_component_ref idref="oc-c4"/>
            <object_component_ref idref="oc-89"/>
            <object_component_ref idref="oc-142"/>
            <object_component_ref idref="oc-156"/>
            <object_component_ref idref="oc-147"/>
            <object_component_ref idref="oc-14c"/>
         </contents>
      </logical_group>
      <logical_group id="lg-177" display="never" color="cyan">
         <name>.debug_aranges</name>
         <load_address>0x0</load_address>
         <run_address>0x0</run_address>
         <size>0x1c8</size>
         <contents>
            <object_component_ref idref="oc-2c"/>
            <object_component_ref idref="oc-26"/>
            <object_component_ref idref="oc-4b"/>
            <object_component_ref idref="oc-1a"/>
            <object_component_ref idref="oc-13"/>
            <object_component_ref idref="oc-5d"/>
            <object_component_ref idref="oc-d2"/>
            <object_component_ref idref="oc-41"/>
            <object_component_ref idref="oc-de"/>
            <object_component_ref idref="oc-a2"/>
         </contents>
      </logical_group>
      <logical_group id="lg-179" display="never" color="cyan">
         <name>.debug_pubnames</name>
         <load_address>0x0</load_address>
         <run_address>0x0</run_address>
         <size>0x384</size>
         <contents>
            <object_component_ref idref="oc-76"/>
            <object_component_ref idref="oc-73"/>
            <object_component_ref idref="oc-2d"/>
            <object_component_ref idref="oc-11"/>
            <object_component_ref idref="oc-27"/>
            <object_component_ref idref="oc-4f"/>
            <object_component_ref idref="oc-1c"/>
            <object_component_ref idref="oc-15"/>
            <object_component_ref idref="oc-23"/>
            <object_component_ref idref="oc-5f"/>
            <object_component_ref idref="oc-d4"/>
            <object_component_ref idref="oc-42"/>
            <object_component_ref idref="oc-df"/>
            <object_component_ref idref="oc-a3"/>
         </contents>
      </logical_group>
      <logical_group id="lg-17b" display="never" color="cyan">
         <name>.debug_pubtypes</name>
         <load_address>0x0</load_address>
         <run_address>0x0</run_address>
         <size>0x9c2</size>
         <contents>
            <object_component_ref idref="oc-81"/>
            <object_component_ref idref="oc-3a"/>
            <object_component_ref idref="oc-bc"/>
            <object_component_ref idref="oc-7a"/>
            <object_component_ref idref="oc-b7"/>
            <object_component_ref idref="oc-95"/>
            <object_component_ref idref="oc-c8"/>
            <object_component_ref idref="oc-45"/>
            <object_component_ref idref="oc-8d"/>
            <object_component_ref idref="oc-35"/>
            <object_component_ref idref="oc-c1"/>
            <object_component_ref idref="oc-86"/>
            <object_component_ref idref="oc-13f"/>
            <object_component_ref idref="oc-153"/>
            <object_component_ref idref="oc-144"/>
            <object_component_ref idref="oc-149"/>
         </contents>
      </logical_group>
      <load_segment id="lg-18e" display="no" color="cyan">
         <name>SEGMENT_0</name>
         <load_address>0x0</load_address>
         <run_address>0x0</run_address>
         <size>0x6d8</size>
         <flags>0x5</flags>
         <contents>
            <logical_group_ref idref="lg-3"/>
            <logical_group_ref idref="lg-4"/>
            <logical_group_ref idref="lg-6"/>
         </contents>
      </load_segment>
      <load_segment id="lg-18f" display="no" color="cyan">
         <name>SEGMENT_1</name>
         <run_address>0x20000000</run_address>
         <size>0x238</size>
         <flags>0x6</flags>
         <contents>
            <logical_group_ref idref="lg-d"/>
            <logical_group_ref idref="lg-a"/>
            <logical_group_ref idref="lg-b"/>
         </contents>
      </load_segment>
   </logical_group_list>
   <placement_map>
      <memory_area display="yes" color="green">
         <name>FLASH</name>
         <page_id>0x0</page_id>
         <origin>0x0</origin>
         <length>0x40000</length>
         <used_space>0x6d4</used_space>
         <unused_space>0x3f92c</unused_space>
         <attributes>RX</attributes>
         <usage_details>
            <allocated_space>
               <start_address>0x0</start_address>
               <size>0x26c</size>
               <logical_group_ref idref="lg-3"/>
            </allocated_space>
            <allocated_space>
               <start_address>0x26c</start_address>
               <size>0x430</size>
               <logical_group_ref idref="lg-4"/>
            </allocated_space>
            <available_space>
               <start_address>0x69c</start_address>
               <size>0x4</size>
            </available_space>
            <allocated_space>
               <start_address>0x6a0</start_address>
               <size>0x38</size>
               <logical_group_ref idref="lg-6"/>
            </allocated_space>
            <available_space>
               <start_address>0x6d8</start_address>
               <size>0x3f928</size>
            </available_space>
         </usage_details>
      </memory_area>
      <memory_area display="yes" color="green">
         <name>SRAM</name>
         <page_id>0x0</page_id>
         <origin>0x20000000</origin>
         <length>0x8000</length>
         <used_space>0x238</used_space>
         <unused_space>0x7dc8</unused_space>
         <attributes>RWX</attributes>
         <usage_details>
            <allocated_space>
               <start_address>0x20000000</start_address>
               <size>0x200</size>
               <logical_group_ref idref="lg-d"/>
            </allocated_space>
            <allocated_space>
               <start_address>0x20000200</start_address>
               <size>0x20</size>
               <logical_group_ref idref="lg-a"/>
            </allocated_space>
            <allocated_space>
               <start_address>0x20000220</start_address>
               <size>0x18</size>
               <logical_group_ref idref="lg-b"/>
            </allocated_space>
            <available_space>
               <start_address>0x20000238</start_address>
               <size>0x7dc8</size>
            </available_space>
         </usage_details>
      </memory_area>
   </placement_map>
   <cptbl_list>
      <cptbl>
         <name>__TI_cinit_table</name>
         <cprec>
            <name>.data</name>
            <load_address>0x6a0</load_address>
            <load_size>0xe</load_size>
            <run_address>0x20000200</run_address>
            <run_size>0x20</run_size>
            <compression>lzss</compression>
         </cprec>
         <cprec>
            <name>.bss</name>
            <load_address>0x6c0</load_address>
            <load_size>0x8</load_size>
            <run_address>0x20000220</run_address>
            <run_size>0x18</run_size>
            <compression>zero_init</compression>
         </cprec>
      </cptbl>
   </cptbl_list>
   <handler_table>
      <handler_table_name>__TI_handler_table</handler_table_name>
      <handler>
         <index>0x0</index>
         <name>__TI_decompress_lzss</name>
      </handler>
      <handler>
         <index>0x1</index>
         <name>__TI_decompress_none</name>
      </handler>
      <handler>
         <index>0x2</index>
         <name>__TI_zero_init</name>
      </handler>
   </handler_table>
   <symbol_table>
      <symbol id="sm-1">
         <name>__STACK_TOP</name>
         <value>0x20000200</value>
      </symbol>
      <symbol id="sm-2">
         <name>__TI_CINIT_Base</name>
         <value>0x6c8</value>
      </symbol>
      <symbol id="sm-3">
         <name>__TI_CINIT_Limit</name>
         <value>0x6d8</value>
      </symbol>
      <symbol id="sm-4">
         <name>__TI_Handler_Table_Base</name>
         <value>0x6b0</value>
      </symbol>
      <symbol id="sm-5">
         <name>__TI_Handler_Table_Limit</name>
         <value>0x6bc</value>
      </symbol>
      <symbol id="sm-6">
         <name>binit</name>
         <value>0xffffffff</value>
      </symbol>
      <symbol id="sm-7">
         <name>__binit__</name>
         <value>0xffffffff</value>
      </symbol>
      <symbol id="sm-8">
         <name>__STACK_SIZE</name>
         <value>0x200</value>
      </symbol>
      <symbol id="sm-9">
         <name>__STACK_END</name>
         <value>0x20000200</value>
      </symbol>
      <symbol id="sm-a">
         <name>__c_args__</name>
         <value>0xffffffff</value>
      </symbol>
      <symbol id="sm-b">
         <name>__TI_pprof_out_hndl</name>
         <value>0xffffffff</value>
      </symbol>
      <symbol id="sm-c">
         <name>__TI_prof_data_start</name>
         <value>0xffffffff</value>
      </symbol>
      <symbol id="sm-d">
         <name>__TI_prof_data_size</name>
         <value>0xffffffff</value>
      </symbol>
      <symbol id="sm-86">
         <name>pinoPWM</name>
         <value>0x20000220</value>
      </symbol>
      <symbol id="sm-87">
         <name>currentMillis</name>
         <value>0x20000234</value>
      </symbol>
      <symbol id="sm-88">
         <name>ConfigurarSysTick</name>
         <value>0x361</value>
         <object_component_ref idref="oc-2a"/>
      </symbol>
      <symbol id="sm-89">
         <name>sysTickMicros</name>
         <value>0x20000208</value>
         <object_component_ref idref="oc-71"/>
      </symbol>
      <symbol id="sm-8a">
         <name>SetarPino</name>
         <value>0x309</value>
         <object_component_ref idref="oc-2a"/>
      </symbol>
      <symbol id="sm-8b">
         <name>AtivarPort</name>
         <value>0x26d</value>
         <object_component_ref idref="oc-2a"/>
      </symbol>
      <symbol id="sm-8c">
         <name>LerPino</name>
         <value>0x2f1</value>
         <object_component_ref idref="oc-2a"/>
      </symbol>
      <symbol id="sm-8d">
         <name>InterrupcaoSystick</name>
         <value>0x339</value>
         <object_component_ref idref="oc-2a"/>
      </symbol>
      <symbol id="sm-8e">
         <name>dutyCicle</name>
         <value>0x423</value>
         <object_component_ref idref="oc-2a"/>
      </symbol>
      <symbol id="sm-8f">
         <name>PWM</name>
         <value>0x3a5</value>
         <object_component_ref idref="oc-2a"/>
      </symbol>
      <symbol id="sm-90">
         <name>DesativarPort</name>
         <value>0x285</value>
         <object_component_ref idref="oc-2a"/>
      </symbol>
      <symbol id="sm-91">
         <name>sysTickMillis</name>
         <value>0x20000204</value>
         <object_component_ref idref="oc-71"/>
      </symbol>
      <symbol id="sm-92">
         <name>cont</name>
         <value>0x20000218</value>
         <object_component_ref idref="oc-71"/>
      </symbol>
      <symbol id="sm-93">
         <name>handlePWM</name>
         <value>0x3d3</value>
         <object_component_ref idref="oc-2a"/>
      </symbol>
      <symbol id="sm-94">
         <name>millis</name>
         <value>0x371</value>
         <object_component_ref idref="oc-2a"/>
      </symbol>
      <symbol id="sm-95">
         <name>main</name>
         <value>0x455</value>
         <object_component_ref idref="oc-2a"/>
      </symbol>
      <symbol id="sm-96">
         <name>delay</name>
         <value>0x37f</value>
         <object_component_ref idref="oc-2a"/>
      </symbol>
      <symbol id="sm-97">
         <name>tempoSystick</name>
         <value>0x20000200</value>
         <object_component_ref idref="oc-71"/>
      </symbol>
      <symbol id="sm-98">
         <name>micros</name>
         <value>0x379</value>
         <object_component_ref idref="oc-2a"/>
      </symbol>
      <symbol id="sm-99">
         <name>millisInterval</name>
         <value>0x20000214</value>
         <object_component_ref idref="oc-71"/>
      </symbol>
      <symbol id="sm-9a">
         <name>configurarRegistradores</name>
         <value>0x433</value>
         <object_component_ref idref="oc-2a"/>
      </symbol>
      <symbol id="sm-9b">
         <name>aux</name>
         <value>0x2000021c</value>
         <object_component_ref idref="oc-71"/>
      </symbol>
      <symbol id="sm-9c">
         <name>pwmMax</name>
         <value>0x2000020c</value>
         <object_component_ref idref="oc-71"/>
      </symbol>
      <symbol id="sm-9d">
         <name>previousMillis</name>
         <value>0x20000210</value>
         <object_component_ref idref="oc-71"/>
      </symbol>
      <symbol id="sm-9e">
         <name>ConfigurarPino</name>
         <value>0x29d</value>
         <object_component_ref idref="oc-2a"/>
      </symbol>
      <symbol id="sm-ba">
         <name>ResetISR</name>
         <value>0x689</value>
         <object_component_ref idref="oc-24"/>
      </symbol>
      <symbol id="sm-bb">
         <name>g_pfnVectors</name>
         <value>0x0</value>
         <object_component_ref idref="oc-f"/>
      </symbol>
      <symbol id="sm-d4">
         <name>__TI_zero_init_nomemset</name>
         <value>0x669</value>
         <object_component_ref idref="oc-4a"/>
      </symbol>
      <symbol id="sm-eb">
         <name>__TI_decompress_none</name>
         <value>0x67b</value>
         <object_component_ref idref="oc-18"/>
      </symbol>
      <symbol id="sm-10e">
         <name>__TI_decompress_lzss</name>
         <value>0x585</value>
         <object_component_ref idref="oc-12"/>
      </symbol>
      <symbol id="sm-121">
         <name>__stack</name>
         <value>0x20000000</value>
         <object_component_ref idref="oc-21"/>
      </symbol>
      <symbol id="sm-122">
         <name>_c_int00_noargs</name>
         <value>0x631</value>
         <object_component_ref idref="oc-5c"/>
      </symbol>
      <symbol id="sm-12d">
         <name>C$$EXIT</name>
         <value>0x699</value>
         <object_component_ref idref="oc-d0"/>
      </symbol>
      <symbol id="sm-12e">
         <name>abort</name>
         <value>0x699</value>
         <object_component_ref idref="oc-d0"/>
      </symbol>
      <symbol id="sm-14b">
         <name>memcpy</name>
         <value>0x4e9</value>
         <object_component_ref idref="oc-3e"/>
      </symbol>
      <symbol id="sm-14c">
         <name>__aeabi_memcpy</name>
         <value>0x4e9</value>
         <object_component_ref idref="oc-3e"/>
      </symbol>
      <symbol id="sm-14d">
         <name>__aeabi_memcpy8</name>
         <value>0x4e9</value>
         <object_component_ref idref="oc-3e"/>
      </symbol>
      <symbol id="sm-14e">
         <name>__aeabi_memcpy4</name>
         <value>0x4e9</value>
         <object_component_ref idref="oc-3e"/>
      </symbol>
      <symbol id="sm-177">
         <name>__TI_auto_init_nobinit_nopinit</name>
         <value>0x5ed</value>
         <object_component_ref idref="oc-dc"/>
      </symbol>
      <symbol id="sm-181">
         <name>_system_pre_init</name>
         <value>0x695</value>
         <object_component_ref idref="oc-a0"/>
      </symbol>
      <symbol id="sm-183">
         <name>__TI_static_base__</name>
         <value>0x0</value>
      </symbol>
      <symbol id="sm-186">
         <name>__mpu_init</name>
         <value>0x0</value>
      </symbol>
      <symbol id="sm-187">
         <name>_system_post_cinit</name>
         <value>0x0</value>
      </symbol>
   </symbol_table>
   <title>Link successful</title>
</link_info>
